// Jest Snapshot v1, https://goo.gl/fbAQLP

exports[`AllBooksOfAnAuthor should render without crashing 1`] = `
<div
  className="allBooks"
>
  <fieldset
    className="allBooksOfAnAuthor"
  >
    <legend
      className="authorName"
    >
      J.K.Rowling
    </legend>
    <div
      className="allBooksMain"
    >
      <div
        className="BookPost"
      >
        <div
          className="main"
        >
          <div
            className="backgroundImage"
            style={
              Object {
                "backgroundImage": "url(\\"./Images/cover_image.jpeg\\")",
              }
            }
          />
          <div
            className="title"
          >
            <span>
              HARRY POTTER AND THE SORCERERS STONE (HARRY POTTER, #1)
            </span>
          </div>
        </div>
        <div
          className="reaction"
        >
          <span
            className="rating"
          >
            4.5
          </span>
          <img
            alt="heart"
            className="heart"
            src="./Icons/heart-black.svg"
          />
        </div>
      </div>
      <div
        className="BookPost"
      >
        <div
          className="main"
        >
          <div
            className="backgroundImage"
            style={
              Object {
                "backgroundImage": "url(\\"./Images/cover_image.jpeg\\")",
              }
            }
          />
          <div
            className="title"
          >
            <span>
              HARRY POTTER AND THE SORCERERS STONE (HARRY POTTER, #1)
            </span>
          </div>
        </div>
        <div
          className="reaction"
        >
          <span
            className="rating"
          >
            4.5
          </span>
          <img
            alt="heart"
            className="heart"
            src="./Icons/heart-black.svg"
          />
        </div>
      </div>
    </div>
  </fieldset>
  <fieldset
    className="allBooksOfAnAuthor"
  >
    <legend
      className="authorName"
    >
      Sidney Sheldon
    </legend>
    <div
      className="allBooksMain"
    >
      <div
        className="BookPost"
      >
        <div
          className="main"
        >
          <div
            className="backgroundImage"
            style={
              Object {
                "backgroundImage": "url(\\"./Images/cover_image.jpeg\\")",
              }
            }
          />
          <div
            className="title"
          >
            <span>
              HARRY POTTER AND THE SORCERERS STONE (HARRY POTTER, #1)
            </span>
          </div>
        </div>
        <div
          className="reaction"
        >
          <span
            className="rating"
          >
            4.5
          </span>
          <img
            alt="heart"
            className="heart"
            src="./Icons/heart-black.svg"
          />
        </div>
      </div>
      <div
        className="BookPost"
      >
        <div
          className="main"
        >
          <div
            className="backgroundImage"
            style={
              Object {
                "backgroundImage": "url(\\"./Images/cover_image.jpeg\\")",
              }
            }
          />
          <div
            className="title"
          >
            <span>
              HARRY POTTER AND THE SORCERERS STONE (HARRY POTTER, #1)
            </span>
          </div>
        </div>
        <div
          className="reaction"
        >
          <span
            className="rating"
          >
            4.5
          </span>
          <img
            alt="heart"
            className="heart"
            src="./Icons/heart-black.svg"
          />
        </div>
      </div>
    </div>
  </fieldset>
</div>
`;
